
==================================== ERRORS ====================================
_______________ ERROR collecting tests/test_asset_provenance.py ________________
ImportError while importing test module '/home/gabriel/Lab/python/P.L.U.M.E-Advanced/tests/test_asset_provenance.py'.
Hint: make sure your test modules/packages have valid Python names.
Traceback:
../../../.local/share/uv/python/cpython-3.13.5-linux-x86_64-gnu/lib/python3.13/importlib/__init__.py:88: in import_module
    return _bootstrap._gcd_import(name[level:], package, level)
           ^^^^^^^^^^^^^^^^^^^^^^^^^^^^^^^^^^^^^^^^^^^^^^^^^^^^
tests/test_asset_provenance.py:7: in <module>
    from plume_advanced.identity import sha256_file
src/plume_advanced/__init__.py:3: in <module>
    from plume_advanced.config import ProjectConfig, load_project_config
src/plume_advanced/config.py:12: in <module>
    import numpy as np
.venv/lib/python3.13/site-packages/numpy/__init__.py:109: in <module>
    from numpy.__config__ import show_config
.venv/lib/python3.13/site-packages/numpy/__config__.py:4: in <module>
    from numpy._core._multiarray_umath import (
.venv/lib/python3.13/site-packages/numpy/_core/__init__.py:24: in <module>
    from . import multiarray
.venv/lib/python3.13/site-packages/numpy/_core/multiarray.py:11: in <module>
    from . import _multiarray_umath, overrides
E   ImportError: cannot load module more than once per process
_______________ ERROR collecting tests/test_blender_material.py ________________
ImportError while importing test module '/home/gabriel/Lab/python/P.L.U.M.E-Advanced/tests/test_blender_material.py'.
Hint: make sure your test modules/packages have valid Python names.
Traceback:
../../../.local/share/uv/python/cpython-3.13.5-linux-x86_64-gnu/lib/python3.13/importlib/__init__.py:88: in import_module
    return _bootstrap._gcd_import(name[level:], package, level)
           ^^^^^^^^^^^^^^^^^^^^^^^^^^^^^^^^^^^^^^^^^^^^^^^^^^^^
tests/test_blender_material.py:8: in <module>
    import numpy as np
.venv/lib/python3.13/site-packages/numpy/__init__.py:109: in <module>
    from numpy.__config__ import show_config
.venv/lib/python3.13/site-packages/numpy/__config__.py:4: in <module>
    from numpy._core._multiarray_umath import (
.venv/lib/python3.13/site-packages/numpy/_core/__init__.py:24: in <module>
    from . import multiarray
.venv/lib/python3.13/site-packages/numpy/_core/multiarray.py:11: in <module>
    from . import _multiarray_umath, overrides
E   ImportError: cannot load module more than once per process
__________________ ERROR collecting tests/test_checkpoints.py __________________
ImportError while importing test module '/home/gabriel/Lab/python/P.L.U.M.E-Advanced/tests/test_checkpoints.py'.
Hint: make sure your test modules/packages have valid Python names.
Traceback:
../../../.local/share/uv/python/cpython-3.13.5-linux-x86_64-gnu/lib/python3.13/importlib/__init__.py:88: in import_module
    return _bootstrap._gcd_import(name[level:], package, level)
           ^^^^^^^^^^^^^^^^^^^^^^^^^^^^^^^^^^^^^^^^^^^^^^^^^^^^
tests/test_checkpoints.py:9: in <module>
    from plume_advanced.config import load_project_config
src/plume_advanced/__init__.py:3: in <module>
    from plume_advanced.config import ProjectConfig, load_project_config
src/plume_advanced/config.py:12: in <module>
    import numpy as np
.venv/lib/python3.13/site-packages/numpy/__init__.py:109: in <module>
    from numpy.__config__ import show_config
.venv/lib/python3.13/site-packages/numpy/__config__.py:4: in <module>
    from numpy._core._multiarray_umath import (
.venv/lib/python3.13/site-packages/numpy/_core/__init__.py:24: in <module>
    from . import multiarray
.venv/lib/python3.13/site-packages/numpy/_core/multiarray.py:11: in <module>
    from . import _multiarray_umath, overrides
E   ImportError: cannot load module more than once per process
______________________ ERROR collecting tests/test_cli.py ______________________
ImportError while importing test module '/home/gabriel/Lab/python/P.L.U.M.E-Advanced/tests/test_cli.py'.
Hint: make sure your test modules/packages have valid Python names.
Traceback:
../../../.local/share/uv/python/cpython-3.13.5-linux-x86_64-gnu/lib/python3.13/importlib/__init__.py:88: in import_module
    return _bootstrap._gcd_import(name[level:], package, level)
           ^^^^^^^^^^^^^^^^^^^^^^^^^^^^^^^^^^^^^^^^^^^^^^^^^^^^
tests/test_cli.py:8: in <module>
    from plume_advanced import cli
src/plume_advanced/__init__.py:3: in <module>
    from plume_advanced.config import ProjectConfig, load_project_config
src/plume_advanced/config.py:12: in <module>
    import numpy as np
.venv/lib/python3.13/site-packages/numpy/__init__.py:109: in <module>
    from numpy.__config__ import show_config
.venv/lib/python3.13/site-packages/numpy/__config__.py:4: in <module>
    from numpy._core._multiarray_umath import (
.venv/lib/python3.13/site-packages/numpy/_core/__init__.py:24: in <module>
    from . import multiarray
.venv/lib/python3.13/site-packages/numpy/_core/multiarray.py:11: in <module>
    from . import _multiarray_umath, overrides
E   ImportError: cannot load module more than once per process
____________________ ERROR collecting tests/test_config.py _____________________
ImportError while importing test module '/home/gabriel/Lab/python/P.L.U.M.E-Advanced/tests/test_config.py'.
Hint: make sure your test modules/packages have valid Python names.
Traceback:
../../../.local/share/uv/python/cpython-3.13.5-linux-x86_64-gnu/lib/python3.13/importlib/__init__.py:88: in import_module
    return _bootstrap._gcd_import(name[level:], package, level)
           ^^^^^^^^^^^^^^^^^^^^^^^^^^^^^^^^^^^^^^^^^^^^^^^^^^^^
tests/test_config.py:10: in <module>
    from plume_advanced.config import load_project_config, project_config_manifest
src/plume_advanced/__init__.py:3: in <module>
    from plume_advanced.config import ProjectConfig, load_project_config
src/plume_advanced/config.py:12: in <module>
    import numpy as np
.venv/lib/python3.13/site-packages/numpy/__init__.py:109: in <module>
    from numpy.__config__ import show_config
.venv/lib/python3.13/site-packages/numpy/__config__.py:4: in <module>
    from numpy._core._multiarray_umath import (
.venv/lib/python3.13/site-packages/numpy/_core/__init__.py:24: in <module>
    from . import multiarray
.venv/lib/python3.13/site-packages/numpy/_core/multiarray.py:11: in <module>
    from . import _multiarray_umath, overrides
E   ImportError: cannot load module more than once per process
______________ ERROR collecting tests/test_config_reliability.py _______________
ImportError while importing test module '/home/gabriel/Lab/python/P.L.U.M.E-Advanced/tests/test_config_reliability.py'.
Hint: make sure your test modules/packages have valid Python names.
Traceback:
../../../.local/share/uv/python/cpython-3.13.5-linux-x86_64-gnu/lib/python3.13/importlib/__init__.py:88: in import_module
    return _bootstrap._gcd_import(name[level:], package, level)
           ^^^^^^^^^^^^^^^^^^^^^^^^^^^^^^^^^^^^^^^^^^^^^^^^^^^^
tests/test_config_reliability.py:7: in <module>
    from plume_advanced.config import load_project_config
src/plume_advanced/__init__.py:3: in <module>
    from plume_advanced.config import ProjectConfig, load_project_config
src/plume_advanced/config.py:12: in <module>
    import numpy as np
.venv/lib/python3.13/site-packages/numpy/__init__.py:109: in <module>
    from numpy.__config__ import show_config
.venv/lib/python3.13/site-packages/numpy/__config__.py:4: in <module>
    from numpy._core._multiarray_umath import (
.venv/lib/python3.13/site-packages/numpy/_core/__init__.py:24: in <module>
    from . import multiarray
.venv/lib/python3.13/site-packages/numpy/_core/multiarray.py:11: in <module>
    from . import _multiarray_umath, overrides
E   ImportError: cannot load module more than once per process
_____________ ERROR collecting tests/test_diagnostic_dashboard.py ______________
ImportError while importing test module '/home/gabriel/Lab/python/P.L.U.M.E-Advanced/tests/test_diagnostic_dashboard.py'.
Hint: make sure your test modules/packages have valid Python names.
Traceback:
../../../.local/share/uv/python/cpython-3.13.5-linux-x86_64-gnu/lib/python3.13/importlib/__init__.py:88: in import_module
    return _bootstrap._gcd_import(name[level:], package, level)
           ^^^^^^^^^^^^^^^^^^^^^^^^^^^^^^^^^^^^^^^^^^^^^^^^^^^^
tests/test_diagnostic_dashboard.py:7: in <module>
    import numpy as np
.venv/lib/python3.13/site-packages/numpy/__init__.py:109: in <module>
    from numpy.__config__ import show_config
.venv/lib/python3.13/site-packages/numpy/__config__.py:4: in <module>
    from numpy._core._multiarray_umath import (
.venv/lib/python3.13/site-packages/numpy/_core/__init__.py:24: in <module>
    from . import multiarray
.venv/lib/python3.13/site-packages/numpy/_core/multiarray.py:11: in <module>
    from . import _multiarray_umath, overrides
E   ImportError: cannot load module more than once per process
______________ ERROR collecting tests/test_embedded_inspection.py ______________
ImportError while importing test module '/home/gabriel/Lab/python/P.L.U.M.E-Advanced/tests/test_embedded_inspection.py'.
Hint: make sure your test modules/packages have valid Python names.
Traceback:
../../../.local/share/uv/python/cpython-3.13.5-linux-x86_64-gnu/lib/python3.13/importlib/__init__.py:88: in import_module
    return _bootstrap._gcd_import(name[level:], package, level)
           ^^^^^^^^^^^^^^^^^^^^^^^^^^^^^^^^^^^^^^^^^^^^^^^^^^^^
tests/test_embedded_inspection.py:3: in <module>
    import numpy as np
.venv/lib/python3.13/site-packages/numpy/__init__.py:109: in <module>
    from numpy.__config__ import show_config
.venv/lib/python3.13/site-packages/numpy/__config__.py:4: in <module>
    from numpy._core._multiarray_umath import (
.venv/lib/python3.13/site-packages/numpy/_core/__init__.py:24: in <module>
    from . import multiarray
.venv/lib/python3.13/site-packages/numpy/_core/multiarray.py:11: in <module>
    from . import _multiarray_umath, overrides
E   ImportError: cannot load module more than once per process
_________ ERROR collecting tests/test_emplacement_backend_benchmark.py _________
ImportError while importing test module '/home/gabriel/Lab/python/P.L.U.M.E-Advanced/tests/test_emplacement_backend_benchmark.py'.
Hint: make sure your test modules/packages have valid Python names.
Traceback:
../../../.local/share/uv/python/cpython-3.13.5-linux-x86_64-gnu/lib/python3.13/importlib/__init__.py:88: in import_module
    return _bootstrap._gcd_import(name[level:], package, level)
           ^^^^^^^^^^^^^^^^^^^^^^^^^^^^^^^^^^^^^^^^^^^^^^^^^^^^
tests/test_emplacement_backend_benchmark.py:11: in <module>
    _SPEC.loader.exec_module(_MODULE)
scripts/emplacement_backend_benchmark.py:21: in <module>
    import matplotlib
.venv/lib/python3.13/site-packages/matplotlib/__init__.py:161: in <module>
    from . import _api, _version, cbook, rcsetup
.venv/lib/python3.13/site-packages/matplotlib/cbook.py:24: in <module>
    import numpy as np
.venv/lib/python3.13/site-packages/numpy/__init__.py:109: in <module>
    from numpy.__config__ import show_config
.venv/lib/python3.13/site-packages/numpy/__config__.py:4: in <module>
    from numpy._core._multiarray_umath import (
.venv/lib/python3.13/site-packages/numpy/_core/__init__.py:24: in <module>
    from . import multiarray
.venv/lib/python3.13/site-packages/numpy/_core/multiarray.py:11: in <module>
    from . import _multiarray_umath, overrides
E   ImportError: cannot load module more than once per process
______________ ERROR collecting tests/test_evaluation_campaign.py ______________
ImportError while importing test module '/home/gabriel/Lab/python/P.L.U.M.E-Advanced/tests/test_evaluation_campaign.py'.
Hint: make sure your test modules/packages have valid Python names.
Traceback:
../../../.local/share/uv/python/cpython-3.13.5-linux-x86_64-gnu/lib/python3.13/importlib/__init__.py:88: in import_module
    return _bootstrap._gcd_import(name[level:], package, level)
           ^^^^^^^^^^^^^^^^^^^^^^^^^^^^^^^^^^^^^^^^^^^^^^^^^^^^
tests/test_evaluation_campaign.py:5: in <module>
    import numpy as np
.venv/lib/python3.13/site-packages/numpy/__init__.py:109: in <module>
    from numpy.__config__ import show_config
.venv/lib/python3.13/site-packages/numpy/__config__.py:4: in <module>
    from numpy._core._multiarray_umath import (
.venv/lib/python3.13/site-packages/numpy/_core/__init__.py:24: in <module>
    from . import multiarray
.venv/lib/python3.13/site-packages/numpy/_core/multiarray.py:11: in <module>
    from . import _multiarray_umath, overrides
E   ImportError: cannot load module more than once per process
_______________ ERROR collecting tests/test_evaluation_config.py _______________
ImportError while importing test module '/home/gabriel/Lab/python/P.L.U.M.E-Advanced/tests/test_evaluation_config.py'.
Hint: make sure your test modules/packages have valid Python names.
Traceback:
../../../.local/share/uv/python/cpython-3.13.5-linux-x86_64-gnu/lib/python3.13/importlib/__init__.py:88: in import_module
    return _bootstrap._gcd_import(name[level:], package, level)
           ^^^^^^^^^^^^^^^^^^^^^^^^^^^^^^^^^^^^^^^^^^^^^^^^^^^^
tests/test_evaluation_config.py:3: in <module>
    from plume_advanced.evaluation.config import load_evaluation_config
src/plume_advanced/__init__.py:3: in <module>
    from plume_advanced.config import ProjectConfig, load_project_config
src/plume_advanced/config.py:12: in <module>
    import numpy as np
.venv/lib/python3.13/site-packages/numpy/__init__.py:109: in <module>
    from numpy.__config__ import show_config
.venv/lib/python3.13/site-packages/numpy/__config__.py:4: in <module>
    from numpy._core._multiarray_umath import (
.venv/lib/python3.13/site-packages/numpy/_core/__init__.py:24: in <module>
    from . import multiarray
.venv/lib/python3.13/site-packages/numpy/_core/multiarray.py:11: in <module>
    from . import _multiarray_umath, overrides
E   ImportError: cannot load module more than once per process
______________ ERROR collecting tests/test_evaluation_contours.py ______________
ImportError while importing test module '/home/gabriel/Lab/python/P.L.U.M.E-Advanced/tests/test_evaluation_contours.py'.
Hint: make sure your test modules/packages have valid Python names.
Traceback:
../../../.local/share/uv/python/cpython-3.13.5-linux-x86_64-gnu/lib/python3.13/importlib/__init__.py:88: in import_module
    return _bootstrap._gcd_import(name[level:], package, level)
           ^^^^^^^^^^^^^^^^^^^^^^^^^^^^^^^^^^^^^^^^^^^^^^^^^^^^
tests/test_evaluation_contours.py:3: in <module>
    import numpy as np
.venv/lib/python3.13/site-packages/numpy/__init__.py:109: in <module>
    from numpy.__config__ import show_config
.venv/lib/python3.13/site-packages/numpy/__config__.py:4: in <module>
    from numpy._core._multiarray_umath import (
.venv/lib/python3.13/site-packages/numpy/_core/__init__.py:24: in <module>
    from . import multiarray
.venv/lib/python3.13/site-packages/numpy/_core/multiarray.py:11: in <module>
    from . import _multiarray_umath, overrides
E   ImportError: cannot load module more than once per process
_________ ERROR collecting tests/test_evaluation_control_resolution.py _________
ImportError while importing test module '/home/gabriel/Lab/python/P.L.U.M.E-Advanced/tests/test_evaluation_control_resolution.py'.
Hint: make sure your test modules/packages have valid Python names.
Traceback:
../../../.local/share/uv/python/cpython-3.13.5-linux-x86_64-gnu/lib/python3.13/importlib/__init__.py:88: in import_module
    return _bootstrap._gcd_import(name[level:], package, level)
           ^^^^^^^^^^^^^^^^^^^^^^^^^^^^^^^^^^^^^^^^^^^^^^^^^^^^
tests/test_evaluation_control_resolution.py:8: in <module>
    from plume_advanced.config import load_project_config
src/plume_advanced/__init__.py:3: in <module>
    from plume_advanced.config import ProjectConfig, load_project_config
src/plume_advanced/config.py:12: in <module>
    import numpy as np
.venv/lib/python3.13/site-packages/numpy/__init__.py:109: in <module>
    from numpy.__config__ import show_config
.venv/lib/python3.13/site-packages/numpy/__config__.py:4: in <module>
    from numpy._core._multiarray_umath import (
.venv/lib/python3.13/site-packages/numpy/_core/__init__.py:24: in <module>
    from . import multiarray
.venv/lib/python3.13/site-packages/numpy/_core/multiarray.py:11: in <module>
    from . import _multiarray_umath, overrides
E   ImportError: cannot load module more than once per process
____________ ERROR collecting tests/test_evaluation_diagnostics.py _____________
ImportError while importing test module '/home/gabriel/Lab/python/P.L.U.M.E-Advanced/tests/test_evaluation_diagnostics.py'.
Hint: make sure your test modules/packages have valid Python names.
Traceback:
../../../.local/share/uv/python/cpython-3.13.5-linux-x86_64-gnu/lib/python3.13/importlib/__init__.py:88: in import_module
    return _bootstrap._gcd_import(name[level:], package, level)
           ^^^^^^^^^^^^^^^^^^^^^^^^^^^^^^^^^^^^^^^^^^^^^^^^^^^^
tests/test_evaluation_diagnostics.py:8: in <module>
    import numpy as np
.venv/lib/python3.13/site-packages/numpy/__init__.py:109: in <module>
    from numpy.__config__ import show_config
.venv/lib/python3.13/site-packages/numpy/__config__.py:4: in <module>
    from numpy._core._multiarray_umath import (
.venv/lib/python3.13/site-packages/numpy/_core/__init__.py:24: in <module>
    from . import multiarray
.venv/lib/python3.13/site-packages/numpy/_core/multiarray.py:11: in <module>
    from . import _multiarray_umath, overrides
E   ImportError: cannot load module more than once per process
____________ ERROR collecting tests/test_evaluation_emplacement.py _____________
ImportError while importing test module '/home/gabriel/Lab/python/P.L.U.M.E-Advanced/tests/test_evaluation_emplacement.py'.
Hint: make sure your test modules/packages have valid Python names.
Traceback:
../../../.local/share/uv/python/cpython-3.13.5-linux-x86_64-gnu/lib/python3.13/importlib/__init__.py:88: in import_module
    return _bootstrap._gcd_import(name[level:], package, level)
           ^^^^^^^^^^^^^^^^^^^^^^^^^^^^^^^^^^^^^^^^^^^^^^^^^^^^
tests/test_evaluation_emplacement.py:3: in <module>
    import numpy as np
.venv/lib/python3.13/site-packages/numpy/__init__.py:109: in <module>
    from numpy.__config__ import show_config
.venv/lib/python3.13/site-packages/numpy/__config__.py:4: in <module>
    from numpy._core._multiarray_umath import (
.venv/lib/python3.13/site-packages/numpy/_core/__init__.py:24: in <module>
    from . import multiarray
.venv/lib/python3.13/site-packages/numpy/_core/multiarray.py:11: in <module>
    from . import _multiarray_umath, overrides
E   ImportError: cannot load module more than once per process
_________ ERROR collecting tests/test_evaluation_export_consistency.py _________
ImportError while importing test module '/home/gabriel/Lab/python/P.L.U.M.E-Advanced/tests/test_evaluation_export_consistency.py'.
Hint: make sure your test modules/packages have valid Python names.
Traceback:
../../../.local/share/uv/python/cpython-3.13.5-linux-x86_64-gnu/lib/python3.13/importlib/__init__.py:88: in import_module
    return _bootstrap._gcd_import(name[level:], package, level)
           ^^^^^^^^^^^^^^^^^^^^^^^^^^^^^^^^^^^^^^^^^^^^^^^^^^^^
tests/test_evaluation_export_consistency.py:7: in <module>
    import trimesh
.venv/lib/python3.13/site-packages/trimesh/__init__.py:12: in <module>
    from . import (
.venv/lib/python3.13/site-packages/trimesh/boolean.py:8: in <module>
    import numpy as np
.venv/lib/python3.13/site-packages/numpy/__init__.py:109: in <module>
    from numpy.__config__ import show_config
.venv/lib/python3.13/site-packages/numpy/__config__.py:4: in <module>
    from numpy._core._multiarray_umath import (
.venv/lib/python3.13/site-packages/numpy/_core/__init__.py:24: in <module>
    from . import multiarray
.venv/lib/python3.13/site-packages/numpy/_core/multiarray.py:11: in <module>
    from . import _multiarray_umath, overrides
E   ImportError: cannot load module more than once per process
__________ ERROR collecting tests/test_evaluation_geometry_report.py ___________
ImportError while importing test module '/home/gabriel/Lab/python/P.L.U.M.E-Advanced/tests/test_evaluation_geometry_report.py'.
Hint: make sure your test modules/packages have valid Python names.
Traceback:
../../../.local/share/uv/python/cpython-3.13.5-linux-x86_64-gnu/lib/python3.13/importlib/__init__.py:88: in import_module
    return _bootstrap._gcd_import(name[level:], package, level)
           ^^^^^^^^^^^^^^^^^^^^^^^^^^^^^^^^^^^^^^^^^^^^^^^^^^^^
tests/test_evaluation_geometry_report.py:6: in <module>
    import numpy as np
.venv/lib/python3.13/site-packages/numpy/__init__.py:109: in <module>
    from numpy.__config__ import show_config
.venv/lib/python3.13/site-packages/numpy/__config__.py:4: in <module>
    from numpy._core._multiarray_umath import (
.venv/lib/python3.13/site-packages/numpy/_core/__init__.py:24: in <module>
    from . import multiarray
.venv/lib/python3.13/site-packages/numpy/_core/multiarray.py:11: in <module>
    from . import _multiarray_umath, overrides
E   ImportError: cannot load module more than once per process
__________ ERROR collecting tests/test_evaluation_network_metrics.py ___________
ImportError while importing test module '/home/gabriel/Lab/python/P.L.U.M.E-Advanced/tests/test_evaluation_network_metrics.py'.
Hint: make sure your test modules/packages have valid Python names.
Traceback:
../../../.local/share/uv/python/cpython-3.13.5-linux-x86_64-gnu/lib/python3.13/importlib/__init__.py:88: in import_module
    return _bootstrap._gcd_import(name[level:], package, level)
           ^^^^^^^^^^^^^^^^^^^^^^^^^^^^^^^^^^^^^^^^^^^^^^^^^^^^
tests/test_evaluation_network_metrics.py:1: in <module>
    import numpy as np
.venv/lib/python3.13/site-packages/numpy/__init__.py:109: in <module>
    from numpy.__config__ import show_config
.venv/lib/python3.13/site-packages/numpy/__config__.py:4: in <module>
    from numpy._core._multiarray_umath import (
.venv/lib/python3.13/site-packages/numpy/_core/__init__.py:24: in <module>
    from . import multiarray
.venv/lib/python3.13/site-packages/numpy/_core/multiarray.py:11: in <module>
    from . import _multiarray_umath, overrides
E   ImportError: cannot load module more than once per process
_____________ ERROR collecting tests/test_evaluation_reporting.py ______________
ImportError while importing test module '/home/gabriel/Lab/python/P.L.U.M.E-Advanced/tests/test_evaluation_reporting.py'.
Hint: make sure your test modules/packages have valid Python names.
Traceback:
../../../.local/share/uv/python/cpython-3.13.5-linux-x86_64-gnu/lib/python3.13/importlib/__init__.py:88: in import_module
    return _bootstrap._gcd_import(name[level:], package, level)
           ^^^^^^^^^^^^^^^^^^^^^^^^^^^^^^^^^^^^^^^^^^^^^^^^^^^^
tests/test_evaluation_reporting.py:5: in <module>
    from plume_advanced.evaluation.latex import generate_latex
src/plume_advanced/__init__.py:3: in <module>
    from plume_advanced.config import ProjectConfig, load_project_config
src/plume_advanced/config.py:12: in <module>
    import numpy as np
.venv/lib/python3.13/site-packages/numpy/__init__.py:109: in <module>
    from numpy.__config__ import show_config
.venv/lib/python3.13/site-packages/numpy/__config__.py:4: in <module>
    from numpy._core._multiarray_umath import (
.venv/lib/python3.13/site-packages/numpy/_core/__init__.py:24: in <module>
    from . import multiarray
.venv/lib/python3.13/site-packages/numpy/_core/multiarray.py:11: in <module>
    from . import _multiarray_umath, overrides
E   ImportError: cannot load module more than once per process
_______________ ERROR collecting tests/test_evaluation_runner.py _______________
ImportError while importing test module '/home/gabriel/Lab/python/P.L.U.M.E-Advanced/tests/test_evaluation_runner.py'.
Hint: make sure your test modules/packages have valid Python names.
Traceback:
../../../.local/share/uv/python/cpython-3.13.5-linux-x86_64-gnu/lib/python3.13/importlib/__init__.py:88: in import_module
    return _bootstrap._gcd_import(name[level:], package, level)
           ^^^^^^^^^^^^^^^^^^^^^^^^^^^^^^^^^^^^^^^^^^^^^^^^^^^^
tests/test_evaluation_runner.py:7: in <module>
    from plume_advanced.evaluation import provenance
src/plume_advanced/__init__.py:3: in <module>
    from plume_advanced.config import ProjectConfig, load_project_config
src/plume_advanced/config.py:12: in <module>
    import numpy as np
.venv/lib/python3.13/site-packages/numpy/__init__.py:109: in <module>
    from numpy.__config__ import show_config
.venv/lib/python3.13/site-packages/numpy/__config__.py:4: in <module>
    from numpy._core._multiarray_umath import (
.venv/lib/python3.13/site-packages/numpy/_core/__init__.py:24: in <module>
    from . import multiarray
.venv/lib/python3.13/site-packages/numpy/_core/multiarray.py:11: in <module>
    from . import _multiarray_umath, overrides
E   ImportError: cannot load module more than once per process
_____________ ERROR collecting tests/test_evaluation_statistics.py _____________
ImportError while importing test module '/home/gabriel/Lab/python/P.L.U.M.E-Advanced/tests/test_evaluation_statistics.py'.
Hint: make sure your test modules/packages have valid Python names.
Traceback:
../../../.local/share/uv/python/cpython-3.13.5-linux-x86_64-gnu/lib/python3.13/importlib/__init__.py:88: in import_module
    return _bootstrap._gcd_import(name[level:], package, level)
           ^^^^^^^^^^^^^^^^^^^^^^^^^^^^^^^^^^^^^^^^^^^^^^^^^^^^
tests/test_evaluation_statistics.py:1: in <module>
    import numpy as np
.venv/lib/python3.13/site-packages/numpy/__init__.py:109: in <module>
    from numpy.__config__ import show_config
.venv/lib/python3.13/site-packages/numpy/__config__.py:4: in <module>
    from numpy._core._multiarray_umath import (
.venv/lib/python3.13/site-packages/numpy/_core/__init__.py:24: in <module>
    from . import multiarray
.venv/lib/python3.13/site-packages/numpy/_core/multiarray.py:11: in <module>
    from . import _multiarray_umath, overrides
E   ImportError: cannot load module more than once per process
____________________ ERROR collecting tests/test_events.py _____________________
ImportError while importing test module '/home/gabriel/Lab/python/P.L.U.M.E-Advanced/tests/test_events.py'.
Hint: make sure your test modules/packages have valid Python names.
Traceback:
../../../.local/share/uv/python/cpython-3.13.5-linux-x86_64-gnu/lib/python3.13/importlib/__init__.py:88: in import_module
    return _bootstrap._gcd_import(name[level:], package, level)
           ^^^^^^^^^^^^^^^^^^^^^^^^^^^^^^^^^^^^^^^^^^^^^^^^^^^^
tests/test_events.py:9: in <module>
    import numpy as np
.venv/lib/python3.13/site-packages/numpy/__init__.py:109: in <module>
    from numpy.__config__ import show_config
.venv/lib/python3.13/site-packages/numpy/__config__.py:4: in <module>
    from numpy._core._multiarray_umath import (
.venv/lib/python3.13/site-packages/numpy/_core/__init__.py:24: in <module>
    from . import multiarray
.venv/lib/python3.13/site-packages/numpy/_core/multiarray.py:11: in <module>
    from . import _multiarray_umath, overrides
E   ImportError: cannot load module more than once per process
________________ ERROR collecting tests/test_export_budgets.py _________________
ImportError while importing test module '/home/gabriel/Lab/python/P.L.U.M.E-Advanced/tests/test_export_budgets.py'.
Hint: make sure your test modules/packages have valid Python names.
Traceback:
../../../.local/share/uv/python/cpython-3.13.5-linux-x86_64-gnu/lib/python3.13/importlib/__init__.py:88: in import_module
    return _bootstrap._gcd_import(name[level:], package, level)
           ^^^^^^^^^^^^^^^^^^^^^^^^^^^^^^^^^^^^^^^^^^^^^^^^^^^^
tests/test_export_budgets.py:7: in <module>
    from test_performance_regressions import _tiny_geometry
tests/test_performance_regressions.py:12: in <module>
    import numpy as np
.venv/lib/python3.13/site-packages/numpy/__init__.py:109: in <module>
    from numpy.__config__ import show_config
.venv/lib/python3.13/site-packages/numpy/__config__.py:4: in <module>
    from numpy._core._multiarray_umath import (
.venv/lib/python3.13/site-packages/numpy/_core/__init__.py:24: in <module>
    from . import multiarray
.venv/lib/python3.13/site-packages/numpy/_core/multiarray.py:11: in <module>
    from . import _multiarray_umath, overrides
E   ImportError: cannot load module more than once per process
________________ ERROR collecting tests/test_export_targets.py _________________
ImportError while importing test module '/home/gabriel/Lab/python/P.L.U.M.E-Advanced/tests/test_export_targets.py'.
Hint: make sure your test modules/packages have valid Python names.
Traceback:
../../../.local/share/uv/python/cpython-3.13.5-linux-x86_64-gnu/lib/python3.13/importlib/__init__.py:88: in import_module
    return _bootstrap._gcd_import(name[level:], package, level)
           ^^^^^^^^^^^^^^^^^^^^^^^^^^^^^^^^^^^^^^^^^^^^^^^^^^^^
tests/test_export_targets.py:10: in <module>
    import numpy as np
.venv/lib/python3.13/site-packages/numpy/__init__.py:109: in <module>
    from numpy.__config__ import show_config
.venv/lib/python3.13/site-packages/numpy/__config__.py:4: in <module>
    from numpy._core._multiarray_umath import (
.venv/lib/python3.13/site-packages/numpy/_core/__init__.py:24: in <module>
    from . import multiarray
.venv/lib/python3.13/site-packages/numpy/_core/multiarray.py:11: in <module>
    from . import _multiarray_umath, overrides
E   ImportError: cannot load module more than once per process
___________________ ERROR collecting tests/test_floor_map.py ___________________
ImportError while importing test module '/home/gabriel/Lab/python/P.L.U.M.E-Advanced/tests/test_floor_map.py'.
Hint: make sure your test modules/packages have valid Python names.
Traceback:
../../../.local/share/uv/python/cpython-3.13.5-linux-x86_64-gnu/lib/python3.13/importlib/__init__.py:88: in import_module
    return _bootstrap._gcd_import(name[level:], package, level)
           ^^^^^^^^^^^^^^^^^^^^^^^^^^^^^^^^^^^^^^^^^^^^^^^^^^^^
tests/test_floor_map.py:9: in <module>
    import numpy as np
.venv/lib/python3.13/site-packages/numpy/__init__.py:109: in <module>
    from numpy.__config__ import show_config
.venv/lib/python3.13/site-packages/numpy/__config__.py:4: in <module>
    from numpy._core._multiarray_umath import (
.venv/lib/python3.13/site-packages/numpy/_core/__init__.py:24: in <module>
    from . import multiarray
.venv/lib/python3.13/site-packages/numpy/_core/multiarray.py:11: in <module>
    from . import _multiarray_umath, overrides
E   ImportError: cannot load module more than once per process
___________________ ERROR collecting tests/test_geometry.py ____________________
ImportError while importing test module '/home/gabriel/Lab/python/P.L.U.M.E-Advanced/tests/test_geometry.py'.
Hint: make sure your test modules/packages have valid Python names.
Traceback:
../../../.local/share/uv/python/cpython-3.13.5-linux-x86_64-gnu/lib/python3.13/importlib/__init__.py:88: in import_module
    return _bootstrap._gcd_import(name[level:], package, level)
           ^^^^^^^^^^^^^^^^^^^^^^^^^^^^^^^^^^^^^^^^^^^^^^^^^^^^
tests/test_geometry.py:8: in <module>
    import numpy as np
.venv/lib/python3.13/site-packages/numpy/__init__.py:109: in <module>
    from numpy.__config__ import show_config
.venv/lib/python3.13/site-packages/numpy/__config__.py:4: in <module>
    from numpy._core._multiarray_umath import (
.venv/lib/python3.13/site-packages/numpy/_core/__init__.py:24: in <module>
    from . import multiarray
.venv/lib/python3.13/site-packages/numpy/_core/multiarray.py:11: in <module>
    from . import _multiarray_umath, overrides
E   ImportError: cannot load module more than once per process
________________ ERROR collecting tests/test_geometry_export.py ________________
ImportError while importing test module '/home/gabriel/Lab/python/P.L.U.M.E-Advanced/tests/test_geometry_export.py'.
Hint: make sure your test modules/packages have valid Python names.
Traceback:
../../../.local/share/uv/python/cpython-3.13.5-linux-x86_64-gnu/lib/python3.13/importlib/__init__.py:88: in import_module
    return _bootstrap._gcd_import(name[level:], package, level)
           ^^^^^^^^^^^^^^^^^^^^^^^^^^^^^^^^^^^^^^^^^^^^^^^^^^^^
tests/test_geometry_export.py:10: in <module>
    import numpy as np
.venv/lib/python3.13/site-packages/numpy/__init__.py:109: in <module>
    from numpy.__config__ import show_config
.venv/lib/python3.13/site-packages/numpy/__config__.py:4: in <module>
    from numpy._core._multiarray_umath import (
.venv/lib/python3.13/site-packages/numpy/_core/__init__.py:24: in <module>
    from . import multiarray
.venv/lib/python3.13/site-packages/numpy/_core/multiarray.py:11: in <module>
    from . import _multiarray_umath, overrides
E   ImportError: cannot load module more than once per process
_______________ ERROR collecting tests/test_growth_clearance.py ________________
ImportError while importing test module '/home/gabriel/Lab/python/P.L.U.M.E-Advanced/tests/test_growth_clearance.py'.
Hint: make sure your test modules/packages have valid Python names.
Traceback:
../../../.local/share/uv/python/cpython-3.13.5-linux-x86_64-gnu/lib/python3.13/importlib/__init__.py:88: in import_module
    return _bootstrap._gcd_import(name[level:], package, level)
           ^^^^^^^^^^^^^^^^^^^^^^^^^^^^^^^^^^^^^^^^^^^^^^^^^^^^
tests/test_growth_clearance.py:7: in <module>
    import numpy as np
.venv/lib/python3.13/site-packages/numpy/__init__.py:109: in <module>
    from numpy.__config__ import show_config
.venv/lib/python3.13/site-packages/numpy/__config__.py:4: in <module>
    from numpy._core._multiarray_umath import (
.venv/lib/python3.13/site-packages/numpy/_core/__init__.py:24: in <module>
    from . import multiarray
.venv/lib/python3.13/site-packages/numpy/_core/multiarray.py:11: in <module>
    from . import _multiarray_umath, overrides
E   ImportError: cannot load module more than once per process
__________________ ERROR collecting tests/test_host_field.py ___________________
ImportError while importing test module '/home/gabriel/Lab/python/P.L.U.M.E-Advanced/tests/test_host_field.py'.
Hint: make sure your test modules/packages have valid Python names.
Traceback:
../../../.local/share/uv/python/cpython-3.13.5-linux-x86_64-gnu/lib/python3.13/importlib/__init__.py:88: in import_module
    return _bootstrap._gcd_import(name[level:], package, level)
           ^^^^^^^^^^^^^^^^^^^^^^^^^^^^^^^^^^^^^^^^^^^^^^^^^^^^
tests/test_host_field.py:8: in <module>
    import numpy as np
.venv/lib/python3.13/site-packages/numpy/__init__.py:109: in <module>
    from numpy.__config__ import show_config
.venv/lib/python3.13/site-packages/numpy/__config__.py:4: in <module>
    from numpy._core._multiarray_umath import (
.venv/lib/python3.13/site-packages/numpy/_core/__init__.py:24: in <module>
    from . import multiarray
.venv/lib/python3.13/site-packages/numpy/_core/multiarray.py:11: in <module>
    from . import _multiarray_umath, overrides
E   ImportError: cannot load module more than once per process
___________________ ERROR collecting tests/test_identity.py ____________________
ImportError while importing test module '/home/gabriel/Lab/python/P.L.U.M.E-Advanced/tests/test_identity.py'.
Hint: make sure your test modules/packages have valid Python names.
Traceback:
../../../.local/share/uv/python/cpython-3.13.5-linux-x86_64-gnu/lib/python3.13/importlib/__init__.py:88: in import_module
    return _bootstrap._gcd_import(name[level:], package, level)
           ^^^^^^^^^^^^^^^^^^^^^^^^^^^^^^^^^^^^^^^^^^^^^^^^^^^^
tests/test_identity.py:9: in <module>
    from plume_advanced import identity
src/plume_advanced/__init__.py:3: in <module>
    from plume_advanced.config import ProjectConfig, load_project_config
src/plume_advanced/config.py:12: in <module>
    import numpy as np
.venv/lib/python3.13/site-packages/numpy/__init__.py:109: in <module>
    from numpy.__config__ import show_config
.venv/lib/python3.13/site-packages/numpy/__config__.py:4: in <module>
    from numpy._core._multiarray_umath import (
.venv/lib/python3.13/site-packages/numpy/_core/__init__.py:24: in <module>
    from . import multiarray
.venv/lib/python3.13/site-packages/numpy/_core/multiarray.py:11: in <module>
    from . import _multiarray_umath, overrides
E   ImportError: cannot load module more than once per process
_______________ ERROR collecting tests/test_inspection_plots.py ________________
ImportError while importing test module '/home/gabriel/Lab/python/P.L.U.M.E-Advanced/tests/test_inspection_plots.py'.
Hint: make sure your test modules/packages have valid Python names.
Traceback:
../../../.local/share/uv/python/cpython-3.13.5-linux-x86_64-gnu/lib/python3.13/importlib/__init__.py:88: in import_module
    return _bootstrap._gcd_import(name[level:], package, level)
           ^^^^^^^^^^^^^^^^^^^^^^^^^^^^^^^^^^^^^^^^^^^^^^^^^^^^
tests/test_inspection_plots.py:5: in <module>
    import numpy as np
.venv/lib/python3.13/site-packages/numpy/__init__.py:109: in <module>
    from numpy.__config__ import show_config
.venv/lib/python3.13/site-packages/numpy/__config__.py:4: in <module>
    from numpy._core._multiarray_umath import (
.venv/lib/python3.13/site-packages/numpy/_core/__init__.py:24: in <module>
    from . import multiarray
.venv/lib/python3.13/site-packages/numpy/_core/multiarray.py:11: in <module>
    from . import _multiarray_umath, overrides
E   ImportError: cannot load module more than once per process
________________ ERROR collecting tests/test_local_geometry.py _________________
ImportError while importing test module '/home/gabriel/Lab/python/P.L.U.M.E-Advanced/tests/test_local_geometry.py'.
Hint: make sure your test modules/packages have valid Python names.
Traceback:
../../../.local/share/uv/python/cpython-3.13.5-linux-x86_64-gnu/lib/python3.13/importlib/__init__.py:88: in import_module
    return _bootstrap._gcd_import(name[level:], package, level)
           ^^^^^^^^^^^^^^^^^^^^^^^^^^^^^^^^^^^^^^^^^^^^^^^^^^^^
tests/test_local_geometry.py:5: in <module>
    import numpy as np
.venv/lib/python3.13/site-packages/numpy/__init__.py:109: in <module>
    from numpy.__config__ import show_config
.venv/lib/python3.13/site-packages/numpy/__config__.py:4: in <module>
    from numpy._core._multiarray_umath import (
.venv/lib/python3.13/site-packages/numpy/_core/__init__.py:24: in <module>
    from . import multiarray
.venv/lib/python3.13/site-packages/numpy/_core/multiarray.py:11: in <module>
    from . import _multiarray_umath, overrides
E   ImportError: cannot load module more than once per process
__________________ ERROR collecting tests/test_manim_data.py ___________________
ImportError while importing test module '/home/gabriel/Lab/python/P.L.U.M.E-Advanced/tests/test_manim_data.py'.
Hint: make sure your test modules/packages have valid Python names.
Traceback:
../../../.local/share/uv/python/cpython-3.13.5-linux-x86_64-gnu/lib/python3.13/importlib/__init__.py:88: in import_module
    return _bootstrap._gcd_import(name[level:], package, level)
           ^^^^^^^^^^^^^^^^^^^^^^^^^^^^^^^^^^^^^^^^^^^^^^^^^^^^
tests/test_manim_data.py:6: in <module>
    import numpy as np
.venv/lib/python3.13/site-packages/numpy/__init__.py:109: in <module>
    from numpy.__config__ import show_config
.venv/lib/python3.13/site-packages/numpy/__config__.py:4: in <module>
    from numpy._core._multiarray_umath import (
.venv/lib/python3.13/site-packages/numpy/_core/__init__.py:24: in <module>
    from . import multiarray
.venv/lib/python3.13/site-packages/numpy/_core/multiarray.py:11: in <module>
    from . import _multiarray_umath, overrides
E   ImportError: cannot load module more than once per process
_______________ ERROR collecting tests/test_material_revision.py _______________
ImportError while importing test module '/home/gabriel/Lab/python/P.L.U.M.E-Advanced/tests/test_material_revision.py'.
Hint: make sure your test modules/packages have valid Python names.
Traceback:
../../../.local/share/uv/python/cpython-3.13.5-linux-x86_64-gnu/lib/python3.13/importlib/__init__.py:88: in import_module
    return _bootstrap._gcd_import(name[level:], package, level)
           ^^^^^^^^^^^^^^^^^^^^^^^^^^^^^^^^^^^^^^^^^^^^^^^^^^^^
tests/test_material_revision.py:5: in <module>
    import numpy as np
.venv/lib/python3.13/site-packages/numpy/__init__.py:109: in <module>
    from numpy.__config__ import show_config
.venv/lib/python3.13/site-packages/numpy/__config__.py:4: in <module>
    from numpy._core._multiarray_umath import (
.venv/lib/python3.13/site-packages/numpy/_core/__init__.py:24: in <module>
    from . import multiarray
.venv/lib/python3.13/site-packages/numpy/_core/multiarray.py:11: in <module>
    from . import _multiarray_umath, overrides
E   ImportError: cannot load module more than once per process
________________ ERROR collecting tests/test_mesh_continuity.py ________________
ImportError while importing test module '/home/gabriel/Lab/python/P.L.U.M.E-Advanced/tests/test_mesh_continuity.py'.
Hint: make sure your test modules/packages have valid Python names.
Traceback:
../../../.local/share/uv/python/cpython-3.13.5-linux-x86_64-gnu/lib/python3.13/importlib/__init__.py:88: in import_module
    return _bootstrap._gcd_import(name[level:], package, level)
           ^^^^^^^^^^^^^^^^^^^^^^^^^^^^^^^^^^^^^^^^^^^^^^^^^^^^
tests/test_mesh_continuity.py:5: in <module>
    import numpy as np
.venv/lib/python3.13/site-packages/numpy/__init__.py:109: in <module>
    from numpy.__config__ import show_config
.venv/lib/python3.13/site-packages/numpy/__config__.py:4: in <module>
    from numpy._core._multiarray_umath import (
.venv/lib/python3.13/site-packages/numpy/_core/__init__.py:24: in <module>
    from . import multiarray
.venv/lib/python3.13/site-packages/numpy/_core/multiarray.py:11: in <module>
    from . import _multiarray_umath, overrides
E   ImportError: cannot load module more than once per process
____________________ ERROR collecting tests/test_network.py ____________________
ImportError while importing test module '/home/gabriel/Lab/python/P.L.U.M.E-Advanced/tests/test_network.py'.
Hint: make sure your test modules/packages have valid Python names.
Traceback:
../../../.local/share/uv/python/cpython-3.13.5-linux-x86_64-gnu/lib/python3.13/importlib/__init__.py:88: in import_module
    return _bootstrap._gcd_import(name[level:], package, level)
           ^^^^^^^^^^^^^^^^^^^^^^^^^^^^^^^^^^^^^^^^^^^^^^^^^^^^
tests/test_network.py:13: in <module>
    import numpy as np
.venv/lib/python3.13/site-packages/numpy/__init__.py:109: in <module>
    from numpy.__config__ import show_config
.venv/lib/python3.13/site-packages/numpy/__config__.py:4: in <module>
    from numpy._core._multiarray_umath import (
.venv/lib/python3.13/site-packages/numpy/_core/__init__.py:24: in <module>
    from . import multiarray
.venv/lib/python3.13/site-packages/numpy/_core/multiarray.py:11: in <module>
    from . import _multiarray_umath, overrides
E   ImportError: cannot load module more than once per process
____________ ERROR collecting tests/test_network_gallery_growth.py _____________
ImportError while importing test module '/home/gabriel/Lab/python/P.L.U.M.E-Advanced/tests/test_network_gallery_growth.py'.
Hint: make sure your test modules/packages have valid Python names.
Traceback:
../../../.local/share/uv/python/cpython-3.13.5-linux-x86_64-gnu/lib/python3.13/importlib/__init__.py:88: in import_module
    return _bootstrap._gcd_import(name[level:], package, level)
           ^^^^^^^^^^^^^^^^^^^^^^^^^^^^^^^^^^^^^^^^^^^^^^^^^^^^
tests/test_network_gallery_growth.py:6: in <module>
    import numpy as np
.venv/lib/python3.13/site-packages/numpy/__init__.py:109: in <module>
    from numpy.__config__ import show_config
.venv/lib/python3.13/site-packages/numpy/__config__.py:4: in <module>
    from numpy._core._multiarray_umath import (
.venv/lib/python3.13/site-packages/numpy/_core/__init__.py:24: in <module>
    from . import multiarray
.venv/lib/python3.13/site-packages/numpy/_core/multiarray.py:11: in <module>
    from . import _multiarray_umath, overrides
E   ImportError: cannot load module more than once per process
____________ ERROR collecting tests/test_network_interconnected.py _____________
ImportError while importing test module '/home/gabriel/Lab/python/P.L.U.M.E-Advanced/tests/test_network_interconnected.py'.
Hint: make sure your test modules/packages have valid Python names.
Traceback:
../../../.local/share/uv/python/cpython-3.13.5-linux-x86_64-gnu/lib/python3.13/importlib/__init__.py:88: in import_module
    return _bootstrap._gcd_import(name[level:], package, level)
           ^^^^^^^^^^^^^^^^^^^^^^^^^^^^^^^^^^^^^^^^^^^^^^^^^^^^
tests/test_network_interconnected.py:6: in <module>
    import numpy as np
.venv/lib/python3.13/site-packages/numpy/__init__.py:109: in <module>
    from numpy.__config__ import show_config
.venv/lib/python3.13/site-packages/numpy/__config__.py:4: in <module>
    from numpy._core._multiarray_umath import (
.venv/lib/python3.13/site-packages/numpy/_core/__init__.py:24: in <module>
    from . import multiarray
.venv/lib/python3.13/site-packages/numpy/_core/multiarray.py:11: in <module>
    from . import _multiarray_umath, overrides
E   ImportError: cannot load module more than once per process
________________ ERROR collecting tests/test_network_quality.py ________________
ImportError while importing test module '/home/gabriel/Lab/python/P.L.U.M.E-Advanced/tests/test_network_quality.py'.
Hint: make sure your test modules/packages have valid Python names.
Traceback:
../../../.local/share/uv/python/cpython-3.13.5-linux-x86_64-gnu/lib/python3.13/importlib/__init__.py:88: in import_module
    return _bootstrap._gcd_import(name[level:], package, level)
           ^^^^^^^^^^^^^^^^^^^^^^^^^^^^^^^^^^^^^^^^^^^^^^^^^^^^
tests/test_network_quality.py:7: in <module>
    import numpy as np
.venv/lib/python3.13/site-packages/numpy/__init__.py:109: in <module>
    from numpy.__config__ import show_config
.venv/lib/python3.13/site-packages/numpy/__config__.py:4: in <module>
    from numpy._core._multiarray_umath import (
.venv/lib/python3.13/site-packages/numpy/_core/__init__.py:24: in <module>
    from . import multiarray
.venv/lib/python3.13/site-packages/numpy/_core/multiarray.py:11: in <module>
    from . import _multiarray_umath, overrides
E   ImportError: cannot load module more than once per process
________________ ERROR collecting tests/test_network_systems.py ________________
ImportError while importing test module '/home/gabriel/Lab/python/P.L.U.M.E-Advanced/tests/test_network_systems.py'.
Hint: make sure your test modules/packages have valid Python names.
Traceback:
../../../.local/share/uv/python/cpython-3.13.5-linux-x86_64-gnu/lib/python3.13/importlib/__init__.py:88: in import_module
    return _bootstrap._gcd_import(name[level:], package, level)
           ^^^^^^^^^^^^^^^^^^^^^^^^^^^^^^^^^^^^^^^^^^^^^^^^^^^^
tests/test_network_systems.py:7: in <module>
    import numpy as np
.venv/lib/python3.13/site-packages/numpy/__init__.py:109: in <module>
    from numpy.__config__ import show_config
.venv/lib/python3.13/site-packages/numpy/__config__.py:4: in <module>
    from numpy._core._multiarray_umath import (
.venv/lib/python3.13/site-packages/numpy/_core/__init__.py:24: in <module>
    from . import multiarray
.venv/lib/python3.13/site-packages/numpy/_core/multiarray.py:11: in <module>
    from . import _multiarray_umath, overrides
E   ImportError: cannot load module more than once per process
_______________ ERROR collecting tests/test_network_topology.py ________________
ImportError while importing test module '/home/gabriel/Lab/python/P.L.U.M.E-Advanced/tests/test_network_topology.py'.
Hint: make sure your test modules/packages have valid Python names.
Traceback:
../../../.local/share/uv/python/cpython-3.13.5-linux-x86_64-gnu/lib/python3.13/importlib/__init__.py:88: in import_module
    return _bootstrap._gcd_import(name[level:], package, level)
           ^^^^^^^^^^^^^^^^^^^^^^^^^^^^^^^^^^^^^^^^^^^^^^^^^^^^
tests/test_network_topology.py:6: in <module>
    import numpy as np
.venv/lib/python3.13/site-packages/numpy/__init__.py:109: in <module>
    from numpy.__config__ import show_config
.venv/lib/python3.13/site-packages/numpy/__config__.py:4: in <module>
    from numpy._core._multiarray_umath import (
.venv/lib/python3.13/site-packages/numpy/_core/__init__.py:24: in <module>
    from . import multiarray
.venv/lib/python3.13/site-packages/numpy/_core/multiarray.py:11: in <module>
    from . import _multiarray_umath, overrides
E   ImportError: cannot load module more than once per process
_________________ ERROR collecting tests/test_output_guard.py __________________
ImportError while importing test module '/home/gabriel/Lab/python/P.L.U.M.E-Advanced/tests/test_output_guard.py'.
Hint: make sure your test modules/packages have valid Python names.
Traceback:
../../../.local/share/uv/python/cpython-3.13.5-linux-x86_64-gnu/lib/python3.13/importlib/__init__.py:88: in import_module
    return _bootstrap._gcd_import(name[level:], package, level)
           ^^^^^^^^^^^^^^^^^^^^^^^^^^^^^^^^^^^^^^^^^^^^^^^^^^^^
tests/test_output_guard.py:10: in <module>
    from plume_advanced.output_guard import (
src/plume_advanced/__init__.py:3: in <module>
    from plume_advanced.config import ProjectConfig, load_project_config
src/plume_advanced/config.py:12: in <module>
    import numpy as np
.venv/lib/python3.13/site-packages/numpy/__init__.py:109: in <module>
    from numpy.__config__ import show_config
.venv/lib/python3.13/site-packages/numpy/__config__.py:4: in <module>
    from numpy._core._multiarray_umath import (
.venv/lib/python3.13/site-packages/numpy/_core/__init__.py:24: in <module>
    from . import multiarray
.venv/lib/python3.13/site-packages/numpy/_core/multiarray.py:11: in <module>
    from . import _multiarray_umath, overrides
E   ImportError: cannot load module more than once per process
__________________ ERROR collecting tests/test_pdc_loader.py ___________________
ImportError while importing test module '/home/gabriel/Lab/python/P.L.U.M.E-Advanced/tests/test_pdc_loader.py'.
Hint: make sure your test modules/packages have valid Python names.
Traceback:
../../../.local/share/uv/python/cpython-3.13.5-linux-x86_64-gnu/lib/python3.13/importlib/__init__.py:88: in import_module
    return _bootstrap._gcd_import(name[level:], package, level)
           ^^^^^^^^^^^^^^^^^^^^^^^^^^^^^^^^^^^^^^^^^^^^^^^^^^^^
tests/test_pdc_loader.py:4: in <module>
    from plume_advanced.evaluation.datasets.pdc import audit_pdc, load_pdc
src/plume_advanced/__init__.py:3: in <module>
    from plume_advanced.config import ProjectConfig, load_project_config
src/plume_advanced/config.py:12: in <module>
    import numpy as np
.venv/lib/python3.13/site-packages/numpy/__init__.py:109: in <module>
    from numpy.__config__ import show_config
.venv/lib/python3.13/site-packages/numpy/__config__.py:4: in <module>
    from numpy._core._multiarray_umath import (
.venv/lib/python3.13/site-packages/numpy/_core/__init__.py:24: in <module>
    from . import multiarray
.venv/lib/python3.13/site-packages/numpy/_core/multiarray.py:11: in <module>
    from . import _multiarray_umath, overrides
E   ImportError: cannot load module more than once per process
____________ ERROR collecting tests/test_performance_regressions.py ____________
ImportError while importing test module '/home/gabriel/Lab/python/P.L.U.M.E-Advanced/tests/test_performance_regressions.py'.
Hint: make sure your test modules/packages have valid Python names.
Traceback:
../../../.local/share/uv/python/cpython-3.13.5-linux-x86_64-gnu/lib/python3.13/importlib/__init__.py:88: in import_module
    return _bootstrap._gcd_import(name[level:], package, level)
           ^^^^^^^^^^^^^^^^^^^^^^^^^^^^^^^^^^^^^^^^^^^^^^^^^^^^
tests/test_performance_regressions.py:12: in <module>
    import numpy as np
.venv/lib/python3.13/site-packages/numpy/__init__.py:109: in <module>
    from numpy.__config__ import show_config
.venv/lib/python3.13/site-packages/numpy/__config__.py:4: in <module>
    from numpy._core._multiarray_umath import (
.venv/lib/python3.13/site-packages/numpy/_core/__init__.py:24: in <module>
    from . import multiarray
.venv/lib/python3.13/site-packages/numpy/_core/multiarray.py:11: in <module>
    from . import _multiarray_umath, overrides
E   ImportError: cannot load module more than once per process
_______________ ERROR collecting tests/test_pipeline_recovery.py _______________
ImportError while importing test module '/home/gabriel/Lab/python/P.L.U.M.E-Advanced/tests/test_pipeline_recovery.py'.
Hint: make sure your test modules/packages have valid Python names.
Traceback:
../../../.local/share/uv/python/cpython-3.13.5-linux-x86_64-gnu/lib/python3.13/importlib/__init__.py:88: in import_module
    return _bootstrap._gcd_import(name[level:], package, level)
           ^^^^^^^^^^^^^^^^^^^^^^^^^^^^^^^^^^^^^^^^^^^^^^^^^^^^
tests/test_pipeline_recovery.py:6: in <module>
    import numpy as np
.venv/lib/python3.13/site-packages/numpy/__init__.py:109: in <module>
    from numpy.__config__ import show_config
.venv/lib/python3.13/site-packages/numpy/__config__.py:4: in <module>
    from numpy._core._multiarray_umath import (
.venv/lib/python3.13/site-packages/numpy/_core/__init__.py:24: in <module>
    from . import multiarray
.venv/lib/python3.13/site-packages/numpy/_core/multiarray.py:11: in <module>
    from . import _multiarray_umath, overrides
E   ImportError: cannot load module more than once per process
___________________ ERROR collecting tests/test_progress.py ____________________
ImportError while importing test module '/home/gabriel/Lab/python/P.L.U.M.E-Advanced/tests/test_progress.py'.
Hint: make sure your test modules/packages have valid Python names.
Traceback:
../../../.local/share/uv/python/cpython-3.13.5-linux-x86_64-gnu/lib/python3.13/importlib/__init__.py:88: in import_module
    return _bootstrap._gcd_import(name[level:], package, level)
           ^^^^^^^^^^^^^^^^^^^^^^^^^^^^^^^^^^^^^^^^^^^^^^^^^^^^
tests/test_progress.py:6: in <module>
    import numpy as np
.venv/lib/python3.13/site-packages/numpy/__init__.py:109: in <module>
    from numpy.__config__ import show_config
.venv/lib/python3.13/site-packages/numpy/__config__.py:4: in <module>
    from numpy._core._multiarray_umath import (
.venv/lib/python3.13/site-packages/numpy/_core/__init__.py:24: in <module>
    from . import multiarray
.venv/lib/python3.13/site-packages/numpy/_core/multiarray.py:11: in <module>
    from . import _multiarray_umath, overrides
E   ImportError: cannot load module more than once per process
______________ ERROR collecting tests/test_projected_materials.py ______________
ImportError while importing test module '/home/gabriel/Lab/python/P.L.U.M.E-Advanced/tests/test_projected_materials.py'.
Hint: make sure your test modules/packages have valid Python names.
Traceback:
../../../.local/share/uv/python/cpython-3.13.5-linux-x86_64-gnu/lib/python3.13/importlib/__init__.py:88: in import_module
    return _bootstrap._gcd_import(name[level:], package, level)
           ^^^^^^^^^^^^^^^^^^^^^^^^^^^^^^^^^^^^^^^^^^^^^^^^^^^^
tests/test_projected_materials.py:11: in <module>
    import numpy as np
.venv/lib/python3.13/site-packages/numpy/__init__.py:109: in <module>
    from numpy.__config__ import show_config
.venv/lib/python3.13/site-packages/numpy/__config__.py:4: in <module>
    from numpy._core._multiarray_umath import (
.venv/lib/python3.13/site-packages/numpy/_core/__init__.py:24: in <module>
    from . import multiarray
.venv/lib/python3.13/site-packages/numpy/_core/multiarray.py:11: in <module>
    from . import _multiarray_umath, overrides
E   ImportError: cannot load module more than once per process
_____________ ERROR collecting tests/test_reliability_campaign.py ______________
ImportError while importing test module '/home/gabriel/Lab/python/P.L.U.M.E-Advanced/tests/test_reliability_campaign.py'.
Hint: make sure your test modules/packages have valid Python names.
Traceback:
../../../.local/share/uv/python/cpython-3.13.5-linux-x86_64-gnu/lib/python3.13/importlib/__init__.py:88: in import_module
    return _bootstrap._gcd_import(name[level:], package, level)
           ^^^^^^^^^^^^^^^^^^^^^^^^^^^^^^^^^^^^^^^^^^^^^^^^^^^^
tests/test_reliability_campaign.py:10: in <module>
    from plume_advanced.evaluation import reliability
src/plume_advanced/__init__.py:3: in <module>
    from plume_advanced.config import ProjectConfig, load_project_config
src/plume_advanced/config.py:12: in <module>
    import numpy as np
.venv/lib/python3.13/site-packages/numpy/__init__.py:109: in <module>
    from numpy.__config__ import show_config
.venv/lib/python3.13/site-packages/numpy/__config__.py:4: in <module>
    from numpy._core._multiarray_umath import (
.venv/lib/python3.13/site-packages/numpy/_core/__init__.py:24: in <module>
    from . import multiarray
.venv/lib/python3.13/site-packages/numpy/_core/multiarray.py:11: in <module>
    from . import _multiarray_umath, overrides
E   ImportError: cannot load module more than once per process
______________ ERROR collecting tests/test_reliability_resume.py _______________
ImportError while importing test module '/home/gabriel/Lab/python/P.L.U.M.E-Advanced/tests/test_reliability_resume.py'.
Hint: make sure your test modules/packages have valid Python names.
Traceback:
../../../.local/share/uv/python/cpython-3.13.5-linux-x86_64-gnu/lib/python3.13/importlib/__init__.py:88: in import_module
    return _bootstrap._gcd_import(name[level:], package, level)
           ^^^^^^^^^^^^^^^^^^^^^^^^^^^^^^^^^^^^^^^^^^^^^^^^^^^^
tests/test_reliability_resume.py:13: in <module>
    from plume_advanced.evaluation import reliability
src/plume_advanced/__init__.py:3: in <module>
    from plume_advanced.config import ProjectConfig, load_project_config
src/plume_advanced/config.py:12: in <module>
    import numpy as np
.venv/lib/python3.13/site-packages/numpy/__init__.py:109: in <module>
    from numpy.__config__ import show_config
.venv/lib/python3.13/site-packages/numpy/__config__.py:4: in <module>
    from numpy._core._multiarray_umath import (
.venv/lib/python3.13/site-packages/numpy/_core/__init__.py:24: in <module>
    from . import multiarray
.venv/lib/python3.13/site-packages/numpy/_core/multiarray.py:11: in <module>
    from . import _multiarray_umath, overrides
E   ImportError: cannot load module more than once per process
_________________ ERROR collecting tests/test_run_manifest.py __________________
ImportError while importing test module '/home/gabriel/Lab/python/P.L.U.M.E-Advanced/tests/test_run_manifest.py'.
Hint: make sure your test modules/packages have valid Python names.
Traceback:
../../../.local/share/uv/python/cpython-3.13.5-linux-x86_64-gnu/lib/python3.13/importlib/__init__.py:88: in import_module
    return _bootstrap._gcd_import(name[level:], package, level)
           ^^^^^^^^^^^^^^^^^^^^^^^^^^^^^^^^^^^^^^^^^^^^^^^^^^^^
tests/test_run_manifest.py:10: in <module>
    from plume_advanced.config import load_project_config
src/plume_advanced/__init__.py:3: in <module>
    from plume_advanced.config import ProjectConfig, load_project_config
src/plume_advanced/config.py:12: in <module>
    import numpy as np
.venv/lib/python3.13/site-packages/numpy/__init__.py:109: in <module>
    from numpy.__config__ import show_config
.venv/lib/python3.13/site-packages/numpy/__config__.py:4: in <module>
    from numpy._core._multiarray_umath import (
.venv/lib/python3.13/site-packages/numpy/_core/__init__.py:24: in <module>
    from . import multiarray
.venv/lib/python3.13/site-packages/numpy/_core/multiarray.py:11: in <module>
    from . import _multiarray_umath, overrides
E   ImportError: cannot load module more than once per process
________________ ERROR collecting tests/test_sampling_policy.py ________________
ImportError while importing test module '/home/gabriel/Lab/python/P.L.U.M.E-Advanced/tests/test_sampling_policy.py'.
Hint: make sure your test modules/packages have valid Python names.
Traceback:
../../../.local/share/uv/python/cpython-3.13.5-linux-x86_64-gnu/lib/python3.13/importlib/__init__.py:88: in import_module
    return _bootstrap._gcd_import(name[level:], package, level)
           ^^^^^^^^^^^^^^^^^^^^^^^^^^^^^^^^^^^^^^^^^^^^^^^^^^^^
tests/test_sampling_policy.py:3: in <module>
    import numpy as np
.venv/lib/python3.13/site-packages/numpy/__init__.py:109: in <module>
    from numpy.__config__ import show_config
.venv/lib/python3.13/site-packages/numpy/__config__.py:4: in <module>
    from numpy._core._multiarray_umath import (
.venv/lib/python3.13/site-packages/numpy/_core/__init__.py:24: in <module>
    from . import multiarray
.venv/lib/python3.13/site-packages/numpy/_core/multiarray.py:11: in <module>
    from . import _multiarray_umath, overrides
E   ImportError: cannot load module more than once per process
_________________ ERROR collecting tests/test_section_field.py _________________
ImportError while importing test module '/home/gabriel/Lab/python/P.L.U.M.E-Advanced/tests/test_section_field.py'.
Hint: make sure your test modules/packages have valid Python names.
Traceback:
../../../.local/share/uv/python/cpython-3.13.5-linux-x86_64-gnu/lib/python3.13/importlib/__init__.py:88: in import_module
    return _bootstrap._gcd_import(name[level:], package, level)
           ^^^^^^^^^^^^^^^^^^^^^^^^^^^^^^^^^^^^^^^^^^^^^^^^^^^^
tests/test_section_field.py:9: in <module>
    import numpy as np
.venv/lib/python3.13/site-packages/numpy/__init__.py:109: in <module>
    from numpy.__config__ import show_config
.venv/lib/python3.13/site-packages/numpy/__config__.py:4: in <module>
    from numpy._core._multiarray_umath import (
.venv/lib/python3.13/site-packages/numpy/_core/__init__.py:24: in <module>
    from . import multiarray
.venv/lib/python3.13/site-packages/numpy/_core/multiarray.py:11: in <module>
    from . import _multiarray_umath, overrides
E   ImportError: cannot load module more than once per process
_________________ ERROR collecting tests/test_seed_override.py _________________
ImportError while importing test module '/home/gabriel/Lab/python/P.L.U.M.E-Advanced/tests/test_seed_override.py'.
Hint: make sure your test modules/packages have valid Python names.
Traceback:
../../../.local/share/uv/python/cpython-3.13.5-linux-x86_64-gnu/lib/python3.13/importlib/__init__.py:88: in import_module
    return _bootstrap._gcd_import(name[level:], package, level)
           ^^^^^^^^^^^^^^^^^^^^^^^^^^^^^^^^^^^^^^^^^^^^^^^^^^^^
tests/test_seed_override.py:7: in <module>
    from plume_advanced.config import load_project_config, project_config_manifest
src/plume_advanced/__init__.py:3: in <module>
    from plume_advanced.config import ProjectConfig, load_project_config
src/plume_advanced/config.py:12: in <module>
    import numpy as np
.venv/lib/python3.13/site-packages/numpy/__init__.py:109: in <module>
    from numpy.__config__ import show_config
.venv/lib/python3.13/site-packages/numpy/__config__.py:4: in <module>
    from numpy._core._multiarray_umath import (
.venv/lib/python3.13/site-packages/numpy/_core/__init__.py:24: in <module>
    from . import multiarray
.venv/lib/python3.13/site-packages/numpy/_core/multiarray.py:11: in <module>
    from . import _multiarray_umath, overrides
E   ImportError: cannot load module more than once per process
___________________ ERROR collecting tests/test_stability.py ___________________
ImportError while importing test module '/home/gabriel/Lab/python/P.L.U.M.E-Advanced/tests/test_stability.py'.
Hint: make sure your test modules/packages have valid Python names.
Traceback:
../../../.local/share/uv/python/cpython-3.13.5-linux-x86_64-gnu/lib/python3.13/importlib/__init__.py:88: in import_module
    return _bootstrap._gcd_import(name[level:], package, level)
           ^^^^^^^^^^^^^^^^^^^^^^^^^^^^^^^^^^^^^^^^^^^^^^^^^^^^
tests/test_stability.py:5: in <module>
    import numpy as np
.venv/lib/python3.13/site-packages/numpy/__init__.py:109: in <module>
    from numpy.__config__ import show_config
.venv/lib/python3.13/site-packages/numpy/__config__.py:4: in <module>
    from numpy._core._multiarray_umath import (
.venv/lib/python3.13/site-packages/numpy/_core/__init__.py:24: in <module>
    from . import multiarray
.venv/lib/python3.13/site-packages/numpy/_core/multiarray.py:11: in <module>
    from . import _multiarray_umath, overrides
E   ImportError: cannot load module more than once per process
______________ ERROR collecting tests/test_surface_acceptance.py _______________
ImportError while importing test module '/home/gabriel/Lab/python/P.L.U.M.E-Advanced/tests/test_surface_acceptance.py'.
Hint: make sure your test modules/packages have valid Python names.
Traceback:
../../../.local/share/uv/python/cpython-3.13.5-linux-x86_64-gnu/lib/python3.13/importlib/__init__.py:88: in import_module
    return _bootstrap._gcd_import(name[level:], package, level)
           ^^^^^^^^^^^^^^^^^^^^^^^^^^^^^^^^^^^^^^^^^^^^^^^^^^^^
tests/test_surface_acceptance.py:6: in <module>
    import numpy as np
.venv/lib/python3.13/site-packages/numpy/__init__.py:109: in <module>
    from numpy.__config__ import show_config
.venv/lib/python3.13/site-packages/numpy/__config__.py:4: in <module>
    from numpy._core._multiarray_umath import (
.venv/lib/python3.13/site-packages/numpy/_core/__init__.py:24: in <module>
    from . import multiarray
.venv/lib/python3.13/site-packages/numpy/_core/multiarray.py:11: in <module>
    from . import _multiarray_umath, overrides
E   ImportError: cannot load module more than once per process
________________ ERROR collecting tests/test_surface_frames.py _________________
ImportError while importing test module '/home/gabriel/Lab/python/P.L.U.M.E-Advanced/tests/test_surface_frames.py'.
Hint: make sure your test modules/packages have valid Python names.
Traceback:
../../../.local/share/uv/python/cpython-3.13.5-linux-x86_64-gnu/lib/python3.13/importlib/__init__.py:88: in import_module
    return _bootstrap._gcd_import(name[level:], package, level)
           ^^^^^^^^^^^^^^^^^^^^^^^^^^^^^^^^^^^^^^^^^^^^^^^^^^^^
tests/test_surface_frames.py:6: in <module>
    import numpy as np
.venv/lib/python3.13/site-packages/numpy/__init__.py:109: in <module>
    from numpy.__config__ import show_config
.venv/lib/python3.13/site-packages/numpy/__config__.py:4: in <module>
    from numpy._core._multiarray_umath import (
.venv/lib/python3.13/site-packages/numpy/_core/__init__.py:24: in <module>
    from . import multiarray
.venv/lib/python3.13/site-packages/numpy/_core/multiarray.py:11: in <module>
    from . import _multiarray_umath, overrides
E   ImportError: cannot load module more than once per process
______________ ERROR collecting tests/test_surface_morphology.py _______________
ImportError while importing test module '/home/gabriel/Lab/python/P.L.U.M.E-Advanced/tests/test_surface_morphology.py'.
Hint: make sure your test modules/packages have valid Python names.
Traceback:
../../../.local/share/uv/python/cpython-3.13.5-linux-x86_64-gnu/lib/python3.13/importlib/__init__.py:88: in import_module
    return _bootstrap._gcd_import(name[level:], package, level)
           ^^^^^^^^^^^^^^^^^^^^^^^^^^^^^^^^^^^^^^^^^^^^^^^^^^^^
tests/test_surface_morphology.py:6: in <module>
    import numpy as np
.venv/lib/python3.13/site-packages/numpy/__init__.py:109: in <module>
    from numpy.__config__ import show_config
.venv/lib/python3.13/site-packages/numpy/__config__.py:4: in <module>
    from numpy._core._multiarray_umath import (
.venv/lib/python3.13/site-packages/numpy/_core/__init__.py:24: in <module>
    from . import multiarray
.venv/lib/python3.13/site-packages/numpy/_core/multiarray.py:11: in <module>
    from . import _multiarray_umath, overrides
E   ImportError: cannot load module more than once per process
________________ ERROR collecting tests/test_surface_normals.py ________________
ImportError while importing test module '/home/gabriel/Lab/python/P.L.U.M.E-Advanced/tests/test_surface_normals.py'.
Hint: make sure your test modules/packages have valid Python names.
Traceback:
../../../.local/share/uv/python/cpython-3.13.5-linux-x86_64-gnu/lib/python3.13/importlib/__init__.py:88: in import_module
    return _bootstrap._gcd_import(name[level:], package, level)
           ^^^^^^^^^^^^^^^^^^^^^^^^^^^^^^^^^^^^^^^^^^^^^^^^^^^^
tests/test_surface_normals.py:3: in <module>
    import numpy as np
.venv/lib/python3.13/site-packages/numpy/__init__.py:109: in <module>
    from numpy.__config__ import show_config
.venv/lib/python3.13/site-packages/numpy/__config__.py:4: in <module>
    from numpy._core._multiarray_umath import (
.venv/lib/python3.13/site-packages/numpy/_core/__init__.py:24: in <module>
    from . import multiarray
.venv/lib/python3.13/site-packages/numpy/_core/multiarray.py:11: in <module>
    from . import _multiarray_umath, overrides
E   ImportError: cannot load module more than once per process
________________ ERROR collecting tests/test_surface_relief.py _________________
ImportError while importing test module '/home/gabriel/Lab/python/P.L.U.M.E-Advanced/tests/test_surface_relief.py'.
Hint: make sure your test modules/packages have valid Python names.
Traceback:
../../../.local/share/uv/python/cpython-3.13.5-linux-x86_64-gnu/lib/python3.13/importlib/__init__.py:88: in import_module
    return _bootstrap._gcd_import(name[level:], package, level)
           ^^^^^^^^^^^^^^^^^^^^^^^^^^^^^^^^^^^^^^^^^^^^^^^^^^^^
tests/test_surface_relief.py:6: in <module>
    import numpy as np
.venv/lib/python3.13/site-packages/numpy/__init__.py:109: in <module>
    from numpy.__config__ import show_config
.venv/lib/python3.13/site-packages/numpy/__config__.py:4: in <module>
    from numpy._core._multiarray_umath import (
.venv/lib/python3.13/site-packages/numpy/_core/__init__.py:24: in <module>
    from . import multiarray
.venv/lib/python3.13/site-packages/numpy/_core/multiarray.py:11: in <module>
    from . import _multiarray_umath, overrides
E   ImportError: cannot load module more than once per process
_______________ ERROR collecting tests/test_surface_topology.py ________________
ImportError while importing test module '/home/gabriel/Lab/python/P.L.U.M.E-Advanced/tests/test_surface_topology.py'.
Hint: make sure your test modules/packages have valid Python names.
Traceback:
../../../.local/share/uv/python/cpython-3.13.5-linux-x86_64-gnu/lib/python3.13/importlib/__init__.py:88: in import_module
    return _bootstrap._gcd_import(name[level:], package, level)
           ^^^^^^^^^^^^^^^^^^^^^^^^^^^^^^^^^^^^^^^^^^^^^^^^^^^^
tests/test_surface_topology.py:5: in <module>
    import numpy as np
.venv/lib/python3.13/site-packages/numpy/__init__.py:109: in <module>
    from numpy.__config__ import show_config
.venv/lib/python3.13/site-packages/numpy/__config__.py:4: in <module>
    from numpy._core._multiarray_umath import (
.venv/lib/python3.13/site-packages/numpy/_core/__init__.py:24: in <module>
    from . import multiarray
.venv/lib/python3.13/site-packages/numpy/_core/multiarray.py:11: in <module>
    from . import _multiarray_umath, overrides
E   ImportError: cannot load module more than once per process
_______________ ERROR collecting tests/test_texture_recovery.py ________________
ImportError while importing test module '/home/gabriel/Lab/python/P.L.U.M.E-Advanced/tests/test_texture_recovery.py'.
Hint: make sure your test modules/packages have valid Python names.
Traceback:
../../../.local/share/uv/python/cpython-3.13.5-linux-x86_64-gnu/lib/python3.13/importlib/__init__.py:88: in import_module
    return _bootstrap._gcd_import(name[level:], package, level)
           ^^^^^^^^^^^^^^^^^^^^^^^^^^^^^^^^^^^^^^^^^^^^^^^^^^^^
tests/test_texture_recovery.py:7: in <module>
    import numpy as np
.venv/lib/python3.13/site-packages/numpy/__init__.py:109: in <module>
    from numpy.__config__ import show_config
.venv/lib/python3.13/site-packages/numpy/__config__.py:4: in <module>
    from numpy._core._multiarray_umath import (
.venv/lib/python3.13/site-packages/numpy/_core/__init__.py:24: in <module>
    from . import multiarray
.venv/lib/python3.13/site-packages/numpy/_core/multiarray.py:11: in <module>
    from . import _multiarray_umath, overrides
E   ImportError: cannot load module more than once per process
________________ ERROR collecting tests/test_tiled_geometry.py _________________
ImportError while importing test module '/home/gabriel/Lab/python/P.L.U.M.E-Advanced/tests/test_tiled_geometry.py'.
Hint: make sure your test modules/packages have valid Python names.
Traceback:
../../../.local/share/uv/python/cpython-3.13.5-linux-x86_64-gnu/lib/python3.13/importlib/__init__.py:88: in import_module
    return _bootstrap._gcd_import(name[level:], package, level)
           ^^^^^^^^^^^^^^^^^^^^^^^^^^^^^^^^^^^^^^^^^^^^^^^^^^^^
tests/test_tiled_geometry.py:5: in <module>
    import numpy as np
.venv/lib/python3.13/site-packages/numpy/__init__.py:109: in <module>
    from numpy.__config__ import show_config
.venv/lib/python3.13/site-packages/numpy/__config__.py:4: in <module>
    from numpy._core._multiarray_umath import (
.venv/lib/python3.13/site-packages/numpy/_core/__init__.py:24: in <module>
    from . import multiarray
.venv/lib/python3.13/site-packages/numpy/_core/multiarray.py:11: in <module>
    from . import _multiarray_umath, overrides
E   ImportError: cannot load module more than once per process
___________________ ERROR collecting tests/test_uv_repair.py ___________________
ImportError while importing test module '/home/gabriel/Lab/python/P.L.U.M.E-Advanced/tests/test_uv_repair.py'.
Hint: make sure your test modules/packages have valid Python names.
Traceback:
../../../.local/share/uv/python/cpython-3.13.5-linux-x86_64-gnu/lib/python3.13/importlib/__init__.py:88: in import_module
    return _bootstrap._gcd_import(name[level:], package, level)
           ^^^^^^^^^^^^^^^^^^^^^^^^^^^^^^^^^^^^^^^^^^^^^^^^^^^^
tests/test_uv_repair.py:3: in <module>
    import numpy as np
.venv/lib/python3.13/site-packages/numpy/__init__.py:109: in <module>
    from numpy.__config__ import show_config
.venv/lib/python3.13/site-packages/numpy/__config__.py:4: in <module>
    from numpy._core._multiarray_umath import (
.venv/lib/python3.13/site-packages/numpy/_core/__init__.py:24: in <module>
    from . import multiarray
.venv/lib/python3.13/site-packages/numpy/_core/multiarray.py:11: in <module>
    from . import _multiarray_umath, overrides
E   ImportError: cannot load module more than once per process
__________________ ERROR collecting tests/test_validation.py ___________________
ImportError while importing test module '/home/gabriel/Lab/python/P.L.U.M.E-Advanced/tests/test_validation.py'.
Hint: make sure your test modules/packages have valid Python names.
Traceback:
../../../.local/share/uv/python/cpython-3.13.5-linux-x86_64-gnu/lib/python3.13/importlib/__init__.py:88: in import_module
    return _bootstrap._gcd_import(name[level:], package, level)
           ^^^^^^^^^^^^^^^^^^^^^^^^^^^^^^^^^^^^^^^^^^^^^^^^^^^^
tests/test_validation.py:7: in <module>
    import numpy as np
.venv/lib/python3.13/site-packages/numpy/__init__.py:109: in <module>
    from numpy.__config__ import show_config
.venv/lib/python3.13/site-packages/numpy/__config__.py:4: in <module>
    from numpy._core._multiarray_umath import (
.venv/lib/python3.13/site-packages/numpy/_core/__init__.py:24: in <module>
    from . import multiarray
.venv/lib/python3.13/site-packages/numpy/_core/multiarray.py:11: in <module>
    from . import _multiarray_umath, overrides
E   ImportError: cannot load module more than once per process
_________________ ERROR collecting tests/test_visualization.py _________________
ImportError while importing test module '/home/gabriel/Lab/python/P.L.U.M.E-Advanced/tests/test_visualization.py'.
Hint: make sure your test modules/packages have valid Python names.
Traceback:
../../../.local/share/uv/python/cpython-3.13.5-linux-x86_64-gnu/lib/python3.13/importlib/__init__.py:88: in import_module
    return _bootstrap._gcd_import(name[level:], package, level)
           ^^^^^^^^^^^^^^^^^^^^^^^^^^^^^^^^^^^^^^^^^^^^^^^^^^^^
tests/test_visualization.py:10: in <module>
    from plume_advanced.stages.events import GeologicalEventConfig, GeologicalEventField
src/plume_advanced/__init__.py:3: in <module>
    from plume_advanced.config import ProjectConfig, load_project_config
src/plume_advanced/config.py:12: in <module>
    import numpy as np
.venv/lib/python3.13/site-packages/numpy/__init__.py:109: in <module>
    from numpy.__config__ import show_config
.venv/lib/python3.13/site-packages/numpy/__config__.py:4: in <module>
    from numpy._core._multiarray_umath import (
.venv/lib/python3.13/site-packages/numpy/_core/__init__.py:24: in <module>
    from . import multiarray
.venv/lib/python3.13/site-packages/numpy/_core/multiarray.py:11: in <module>
    from . import _multiarray_umath, overrides
E   ImportError: cannot load module more than once per process
________________ ERROR collecting tests/test_void_components.py ________________
ImportError while importing test module '/home/gabriel/Lab/python/P.L.U.M.E-Advanced/tests/test_void_components.py'.
Hint: make sure your test modules/packages have valid Python names.
Traceback:
../../../.local/share/uv/python/cpython-3.13.5-linux-x86_64-gnu/lib/python3.13/importlib/__init__.py:88: in import_module
    return _bootstrap._gcd_import(name[level:], package, level)
           ^^^^^^^^^^^^^^^^^^^^^^^^^^^^^^^^^^^^^^^^^^^^^^^^^^^^
tests/test_void_components.py:3: in <module>
    import numpy as np
.venv/lib/python3.13/site-packages/numpy/__init__.py:109: in <module>
    from numpy.__config__ import show_config
.venv/lib/python3.13/site-packages/numpy/__config__.py:4: in <module>
    from numpy._core._multiarray_umath import (
.venv/lib/python3.13/site-packages/numpy/_core/__init__.py:24: in <module>
    from . import multiarray
.venv/lib/python3.13/site-packages/numpy/_core/multiarray.py:11: in <module>
    from . import _multiarray_umath, overrides
E   ImportError: cannot load module more than once per process
_________________ ERROR collecting tests/test_voxel_queries.py _________________
ImportError while importing test module '/home/gabriel/Lab/python/P.L.U.M.E-Advanced/tests/test_voxel_queries.py'.
Hint: make sure your test modules/packages have valid Python names.
Traceback:
../../../.local/share/uv/python/cpython-3.13.5-linux-x86_64-gnu/lib/python3.13/importlib/__init__.py:88: in import_module
    return _bootstrap._gcd_import(name[level:], package, level)
           ^^^^^^^^^^^^^^^^^^^^^^^^^^^^^^^^^^^^^^^^^^^^^^^^^^^^
tests/test_voxel_queries.py:6: in <module>
    import numpy as np
.venv/lib/python3.13/site-packages/numpy/__init__.py:109: in <module>
    from numpy.__config__ import show_config
.venv/lib/python3.13/site-packages/numpy/__config__.py:4: in <module>
    from numpy._core._multiarray_umath import (
.venv/lib/python3.13/site-packages/numpy/_core/__init__.py:24: in <module>
    from . import multiarray
.venv/lib/python3.13/site-packages/numpy/_core/multiarray.py:11: in <module>
    from . import _multiarray_umath, overrides
E   ImportError: cannot load module more than once per process
________________ ERROR collecting tests/test_voxel_topology.py _________________
ImportError while importing test module '/home/gabriel/Lab/python/P.L.U.M.E-Advanced/tests/test_voxel_topology.py'.
Hint: make sure your test modules/packages have valid Python names.
Traceback:
../../../.local/share/uv/python/cpython-3.13.5-linux-x86_64-gnu/lib/python3.13/importlib/__init__.py:88: in import_module
    return _bootstrap._gcd_import(name[level:], package, level)
           ^^^^^^^^^^^^^^^^^^^^^^^^^^^^^^^^^^^^^^^^^^^^^^^^^^^^
tests/test_voxel_topology.py:3: in <module>
    import numpy as np
.venv/lib/python3.13/site-packages/numpy/__init__.py:109: in <module>
    from numpy.__config__ import show_config
.venv/lib/python3.13/site-packages/numpy/__config__.py:4: in <module>
    from numpy._core._multiarray_umath import (
.venv/lib/python3.13/site-packages/numpy/_core/__init__.py:24: in <module>
    from . import multiarray
.venv/lib/python3.13/site-packages/numpy/_core/multiarray.py:11: in <module>
    from . import _multiarray_umath, overrides
E   ImportError: cannot load module more than once per process
_________________ ERROR collecting tests/test_width_repair.py __________________
ImportError while importing test module '/home/gabriel/Lab/python/P.L.U.M.E-Advanced/tests/test_width_repair.py'.
Hint: make sure your test modules/packages have valid Python names.
Traceback:
../../../.local/share/uv/python/cpython-3.13.5-linux-x86_64-gnu/lib/python3.13/importlib/__init__.py:88: in import_module
    return _bootstrap._gcd_import(name[level:], package, level)
           ^^^^^^^^^^^^^^^^^^^^^^^^^^^^^^^^^^^^^^^^^^^^^^^^^^^^
tests/test_width_repair.py:3: in <module>
    import numpy as np
.venv/lib/python3.13/site-packages/numpy/__init__.py:109: in <module>
    from numpy.__config__ import show_config
.venv/lib/python3.13/site-packages/numpy/__config__.py:4: in <module>
    from numpy._core._multiarray_umath import (
.venv/lib/python3.13/site-packages/numpy/_core/__init__.py:24: in <module>
    from . import multiarray
.venv/lib/python3.13/site-packages/numpy/_core/multiarray.py:11: in <module>
    from . import _multiarray_umath, overrides
E   ImportError: cannot load module more than once per process
________________ ERROR collecting tests/test_world_contracts.py ________________
ImportError while importing test module '/home/gabriel/Lab/python/P.L.U.M.E-Advanced/tests/test_world_contracts.py'.
Hint: make sure your test modules/packages have valid Python names.
Traceback:
../../../.local/share/uv/python/cpython-3.13.5-linux-x86_64-gnu/lib/python3.13/importlib/__init__.py:88: in import_module
    return _bootstrap._gcd_import(name[level:], package, level)
           ^^^^^^^^^^^^^^^^^^^^^^^^^^^^^^^^^^^^^^^^^^^^^^^^^^^^
tests/test_world_contracts.py:7: in <module>
    from plume_advanced.procedural import derive_subseed, procedural_rng
src/plume_advanced/__init__.py:3: in <module>
    from plume_advanced.config import ProjectConfig, load_project_config
src/plume_advanced/config.py:12: in <module>
    import numpy as np
.venv/lib/python3.13/site-packages/numpy/__init__.py:109: in <module>
    from numpy.__config__ import show_config
.venv/lib/python3.13/site-packages/numpy/__config__.py:4: in <module>
    from numpy._core._multiarray_umath import (
.venv/lib/python3.13/site-packages/numpy/_core/__init__.py:24: in <module>
    from . import multiarray
.venv/lib/python3.13/site-packages/numpy/_core/multiarray.py:11: in <module>
    from . import _multiarray_umath, overrides
E   ImportError: cannot load module more than once per process
=========================== short test summary info ============================
ERROR tests/test_asset_provenance.py
ERROR tests/test_blender_material.py
ERROR tests/test_checkpoints.py
ERROR tests/test_cli.py
ERROR tests/test_config.py
ERROR tests/test_config_reliability.py
ERROR tests/test_diagnostic_dashboard.py
ERROR tests/test_embedded_inspection.py
ERROR tests/test_emplacement_backend_benchmark.py
ERROR tests/test_evaluation_campaign.py
ERROR tests/test_evaluation_config.py
ERROR tests/test_evaluation_contours.py
ERROR tests/test_evaluation_control_resolution.py
ERROR tests/test_evaluation_diagnostics.py
ERROR tests/test_evaluation_emplacement.py
ERROR tests/test_evaluation_export_consistency.py
ERROR tests/test_evaluation_geometry_report.py
ERROR tests/test_evaluation_network_metrics.py
ERROR tests/test_evaluation_reporting.py
ERROR tests/test_evaluation_runner.py
ERROR tests/test_evaluation_statistics.py
ERROR tests/test_events.py
ERROR tests/test_export_budgets.py
ERROR tests/test_export_targets.py
ERROR tests/test_floor_map.py
ERROR tests/test_geometry.py
ERROR tests/test_geometry_export.py
ERROR tests/test_growth_clearance.py
ERROR tests/test_host_field.py
ERROR tests/test_identity.py
ERROR tests/test_inspection_plots.py
ERROR tests/test_local_geometry.py
ERROR tests/test_manim_data.py
ERROR tests/test_material_revision.py
ERROR tests/test_mesh_continuity.py
ERROR tests/test_network.py
ERROR tests/test_network_gallery_growth.py
ERROR tests/test_network_interconnected.py
ERROR tests/test_network_quality.py
ERROR tests/test_network_systems.py
ERROR tests/test_network_topology.py
ERROR tests/test_output_guard.py
ERROR tests/test_pdc_loader.py
ERROR tests/test_performance_regressions.py
ERROR tests/test_pipeline_recovery.py
ERROR tests/test_progress.py
ERROR tests/test_projected_materials.py
ERROR tests/test_reliability_campaign.py
ERROR tests/test_reliability_resume.py
ERROR tests/test_run_manifest.py
ERROR tests/test_sampling_policy.py
ERROR tests/test_section_field.py
ERROR tests/test_seed_override.py
ERROR tests/test_stability.py
ERROR tests/test_surface_acceptance.py
ERROR tests/test_surface_frames.py
ERROR tests/test_surface_morphology.py
ERROR tests/test_surface_normals.py
ERROR tests/test_surface_relief.py
ERROR tests/test_surface_topology.py
ERROR tests/test_texture_recovery.py
ERROR tests/test_tiled_geometry.py
ERROR tests/test_uv_repair.py
ERROR tests/test_validation.py
ERROR tests/test_visualization.py
ERROR tests/test_void_components.py
ERROR tests/test_voxel_queries.py
ERROR tests/test_voxel_topology.py
ERROR tests/test_width_repair.py
ERROR tests/test_world_contracts.py
!!!!!!!!!!!!!!!!!!! Interrupted: 70 errors during collection !!!!!!!!!!!!!!!!!!!
1 skipped, 70 errors in 2.55s
